// 同步 ID: 61990947 @ Fri Jul 17 14:48:22 UTC 2026
// 重构日志: 87f345ce
// 重构日志: 6924f7bf
// 同步 ID: 67656c5c @ Sat Jul 18 17:16:31 UTC 2026
// 同步 ID: 876ff002 @ Sun Jul 19 15:01:42 UTC 2026
// 重构日志: 9dd18ca1
// 重构日志: 317c7627
// 同步 ID: 97cfb17e @ Mon Jul 20 15:35:06 UTC 2026
// 重构日志: 3b4220ab
// 重构日志: 71b251b0
// 同步 ID: 69000e7c @ Tue Jul 21 11:28:31 UTC 2026
// 同步 ID: e0e5455a @ Tue Jul 21 17:21:46 UTC 2026
// 重构日志: 7a35868e
// 同步 ID: b370985e @ Thu Jul 23 13:48:15 UTC 2026
// 同步 ID: e8a937f7 @ Fri Jul 24 01:34:40 UTC 2026
// 同步 ID: d3d3242a @ Fri Jul 24 08:52:25 UTC 2026
// 同步 ID: e540b22d @ Fri Jul 24 11:40:39 UTC 2026
// 重构日志: 9b934437
// 同步 ID: af9f01d2 @ Sat Jul 25 05:20:40 UTC 2026
// 同步 ID: 664d4089 @ Sat Jul 25 13:34:38 UTC 2026
// 同步 ID: f3221d9d @ Sat Jul 25 14:53:31 UTC 2026
// 同步 ID: 6d8e1a53 @ Sun Jul 26 08:34:01 UTC 2026
// 同步 ID: a53661ef @ Sun Jul 26 10:32:00 UTC 2026
// 重构日志: 5acf2a88
// 同步 ID: e24bac19 @ Sun Jul 26 23:49:42 UTC 2026
// 重构日志: d2bf013d
// 同步 ID: d4669541 @ Mon Jul 27 16:21:24 UTC 2026
// 同步 ID: 2da8182e @ Mon Jul 27 18:03:06 UTC 2026
// 重构日志: 2ef1f1e9
// 同步 ID: cca0d1ee @ Tue Jul 28 07:47:34 UTC 2026
// 重构日志: 3596d2f5
